  DeliveryPerson.cpp
C:\Users\User\source\repos\luzan23\OOP-project\src\part2\Gardener.h(9,25): error C2504: 'Person': base class undefined
  (compiling source file 'src/part2/DeliveryPerson.cpp')
  
C:\Users\User\source\repos\luzan23\OOP-project\src\part2\Grower.h(10,23): error C2504: 'Person': base class undefined
  (compiling source file 'src/part2/DeliveryPerson.cpp')
  
C:\Users\User\source\repos\luzan23\OOP-project\src\part2\Wholesaler.h(10,27): error C2504: 'Person': base class undefined
  (compiling source file 'src/part2/DeliveryPerson.cpp')
  
C:\Users\User\source\repos\luzan23\OOP-project\src\part2\FlowerArranger.h(8,31): error C2504: 'Person': base class undefined
  (compiling source file 'src/part2/DeliveryPerson.cpp')
  
C:\Users\User\source\repos\luzan23\OOP-project\src\part2\DeliveryPerson.h(6,31): error C2504: 'Person': base class undefined
  (compiling source file 'src/part2/DeliveryPerson.cpp')
  
C:\Users\User\source\repos\luzan23\OOP-project\src\part2\DeliveryPerson.h(10,18): error C2061: syntax error: identifier 'Person'
  (compiling source file 'src/part2/DeliveryPerson.cpp')
  
C:\Users\User\source\repos\luzan23\OOP-project\src\part2\Florist.h(10,24): error C2504: 'Person': base class undefined
  (compiling source file 'src/part2/DeliveryPerson.cpp')
  
C:\Users\User\source\repos\luzan23\OOP-project\src\part2\Florist.h(17,19): error C2061: syntax error: identifier 'Person'
  (compiling source file 'src/part2/DeliveryPerson.cpp')
  
C:\Users\User\source\repos\luzan23\OOP-project\src\part2\DeliveryPerson.cpp(8,52): error C2614: 'DeliveryPerson': illegal member initialization: 'Person' is not a base or member
C:\Users\User\source\repos\luzan23\OOP-project\src\part2\DeliveryPerson.cpp(10,22): error C2511: 'void DeliveryPerson::deliver(Person *,FlowersBouquet *)': overloaded member function not found in 'DeliveryPerson'
      C:\Users\User\source\repos\luzan23\OOP-project\src\part2\DeliveryPerson.h(6,7):
      see declaration of 'DeliveryPerson'
  
C:\Users\User\source\repos\luzan23\OOP-project\src\part2\DeliveryPerson.cpp(11,38): error C3861: 'getName': identifier not found
C:\Users\User\source\repos\luzan23\OOP-project\src\part2\DeliveryPerson.cpp(11,13): error C2593: 'operator <<' is ambiguous
      C:\Program Files\Microsoft Visual Studio\2022\Professional\VC\Tools\MSVC\14.44.35207\include\__msvc_ostream.hpp(480,39):
      could be 'std::basic_ostream<char,std::char_traits<char>> &std::basic_ostream<char,std::char_traits<char>>::operator <<(std::basic_streambuf<char,std::char_traits<char>> *)'
      C:\Program Files\Microsoft Visual Studio\2022\Professional\VC\Tools\MSVC\14.44.35207\include\__msvc_ostream.hpp(448,39):
      or       'std::basic_ostream<char,std::char_traits<char>> &std::basic_ostream<char,std::char_traits<char>>::operator <<(const void *)'
      C:\Program Files\Microsoft Visual Studio\2022\Professional\VC\Tools\MSVC\14.44.35207\include\__msvc_ostream.hpp(430,39):
      or       'std::basic_ostream<char,std::char_traits<char>> &std::basic_ostream<char,std::char_traits<char>>::operator <<(long double)'
      C:\Program Files\Microsoft Visual Studio\2022\Professional\VC\Tools\MSVC\14.44.35207\include\__msvc_ostream.hpp(412,39):
      or       'std::basic_ostream<char,std::char_traits<char>> &std::basic_ostream<char,std::char_traits<char>>::operator <<(double)'
      C:\Program Files\Microsoft Visual Studio\2022\Professional\VC\Tools\MSVC\14.44.35207\include\__msvc_ostream.hpp(394,39):
      or       'std::basic_ostream<char,std::char_traits<char>> &std::basic_ostream<char,std::char_traits<char>>::operator <<(float)'
      C:\Program Files\Microsoft Visual Studio\2022\Professional\VC\Tools\MSVC\14.44.35207\include\__msvc_ostream.hpp(376,39):
      or       'std::basic_ostream<char,std::char_traits<char>> &std::basic_ostream<char,std::char_traits<char>>::operator <<(unsigned __int64)'
      C:\Program Files\Microsoft Visual Studio\2022\Professional\VC\Tools\MSVC\14.44.35207\include\__msvc_ostream.hpp(358,39):
      or       'std::basic_ostream<char,std::char_traits<char>> &std::basic_ostream<char,std::char_traits<char>>::operator <<(__int64)'
      C:\Program Files\Microsoft Visual Studio\2022\Professional\VC\Tools\MSVC\14.44.35207\include\__msvc_ostream.hpp(340,39):
      or       'std::basic_ostream<char,std::char_traits<char>> &std::basic_ostream<char,std::char_traits<char>>::operator <<(unsigned long)'
      C:\Program Files\Microsoft Visual Studio\2022\Professional\VC\Tools\MSVC\14.44.35207\include\__msvc_ostream.hpp(322,39):
      or       'std::basic_ostream<char,std::char_traits<char>> &std::basic_ostream<char,std::char_traits<char>>::operator <<(long)'
      C:\Program Files\Microsoft Visual Studio\2022\Professional\VC\Tools\MSVC\14.44.35207\include\__msvc_ostream.hpp(303,39):
      or       'std::basic_ostream<char,std::char_traits<char>> &std::basic_ostream<char,std::char_traits<char>>::operator <<(unsigned int)'
      C:\Program Files\Microsoft Visual Studio\2022\Professional\VC\Tools\MSVC\14.44.35207\include\__msvc_ostream.hpp(277,39):
      or       'std::basic_ostream<char,std::char_traits<char>> &std::basic_ostream<char,std::char_traits<char>>::operator <<(int)'
      C:\Program Files\Microsoft Visual Studio\2022\Professional\VC\Tools\MSVC\14.44.35207\include\__msvc_ostream.hpp(258,39):
      or       'std::basic_ostream<char,std::char_traits<char>> &std::basic_ostream<char,std::char_traits<char>>::operator <<(unsigned short)'
      C:\Program Files\Microsoft Visual Studio\2022\Professional\VC\Tools\MSVC\14.44.35207\include\__msvc_ostream.hpp(224,39):
      or       'std::basic_ostream<char,std::char_traits<char>> &std::basic_ostream<char,std::char_traits<char>>::operator <<(short)'
      C:\Program Files\Microsoft Visual Studio\2022\Professional\VC\Tools\MSVC\14.44.35207\include\__msvc_ostream.hpp(206,39):
      or       'std::basic_ostream<char,std::char_traits<char>> &std::basic_ostream<char,std::char_traits<char>>::operator <<(bool)'
      C:\Program Files\Microsoft Visual Studio\2022\Professional\VC\Tools\MSVC\14.44.35207\include\__msvc_ostream.hpp(200,39):
      or       'std::basic_ostream<char,std::char_traits<char>> &std::basic_ostream<char,std::char_traits<char>>::operator <<(std::ios_base &(__cdecl *)(std::ios_base &))'
      C:\Program Files\Microsoft Visual Studio\2022\Professional\VC\Tools\MSVC\14.44.35207\include\__msvc_ostream.hpp(194,39):
      or       'std::basic_ostream<char,std::char_traits<char>> &std::basic_ostream<char,std::char_traits<char>>::operator <<(std::basic_ios<char,std::char_traits<char>> &(__cdecl *)(std::basic_ios<char,std::char_traits<char>> &))'
      C:\Program Files\Microsoft Visual Studio\2022\Professional\VC\Tools\MSVC\14.44.35207\include\__msvc_ostream.hpp(189,39):
      or       'std::basic_ostream<char,std::char_traits<char>> &std::basic_ostream<char,std::char_traits<char>>::operator <<(std::basic_ostream<char,std::char_traits<char>> &(__cdecl *)(std::basic_ostream<char,std::char_traits<char>> &))'
      C:\Program Files\Microsoft Visual Studio\2022\Professional\VC\Tools\MSVC\14.44.35207\include\__msvc_ostream.hpp(688,32):
      or       'std::basic_ostream<char,std::char_traits<char>> &std::operator <<<char,std::char_traits<char>>(std::basic_ostream<char,std::char_traits<char>> &,const char *)'
      C:\Program Files\Microsoft Visual Studio\2022\Professional\VC\Tools\MSVC\14.44.35207\include\__msvc_ostream.hpp(732,32):
      or       'std::basic_ostream<char,std::char_traits<char>> &std::operator <<<char,std::char_traits<char>>(std::basic_ostream<char,std::char_traits<char>> &,char)'
      C:\Program Files\Microsoft Visual Studio\2022\Professional\VC\Tools\MSVC\14.44.35207\include\__msvc_ostream.hpp(768,31):
      or       'std::basic_ostream<char,std::char_traits<char>> &std::operator <<<std::char_traits<char>>(std::basic_ostream<char,std::char_traits<char>> &,const char *)'
      C:\Program Files\Microsoft Visual Studio\2022\Professional\VC\Tools\MSVC\14.44.35207\include\__msvc_ostream.hpp(813,31):
      or       'std::basic_ostream<char,std::char_traits<char>> &std::operator <<<std::char_traits<char>>(std::basic_ostream<char,std::char_traits<char>> &,char)'
      C:\Program Files\Microsoft Visual Studio\2022\Professional\VC\Tools\MSVC\14.44.35207\include\__msvc_ostream.hpp(930,31):
      or       'std::basic_ostream<char,std::char_traits<char>> &std::operator <<<std::char_traits<char>>(std::basic_ostream<char,std::char_traits<char>> &,const signed char *)'
      C:\Program Files\Microsoft Visual Studio\2022\Professional\VC\Tools\MSVC\14.44.35207\include\__msvc_ostream.hpp(936,31):
      or       'std::basic_ostream<char,std::char_traits<char>> &std::operator <<<std::char_traits<char>>(std::basic_ostream<char,std::char_traits<char>> &,signed char)'
      C:\Program Files\Microsoft Visual Studio\2022\Professional\VC\Tools\MSVC\14.44.35207\include\__msvc_ostream.hpp(941,31):
      or       'std::basic_ostream<char,std::char_traits<char>> &std::operator <<<std::char_traits<char>>(std::basic_ostream<char,std::char_traits<char>> &,const unsigned char *)'
      C:\Program Files\Microsoft Visual Studio\2022\Professional\VC\Tools\MSVC\14.44.35207\include\__msvc_ostream.hpp(947,31):
      or       'std::basic_ostream<char,std::char_traits<char>> &std::operator <<<std::char_traits<char>>(std::basic_ostream<char,std::char_traits<char>> &,unsigned char)'
      C:\Program Files\Microsoft Visual Studio\2022\Professional\VC\Tools\MSVC\14.44.35207\include\__msvc_ostream.hpp(1031,32):
      or       'std::basic_ostream<char,std::char_traits<char>> &std::operator <<<char,std::char_traits<char>>(std::basic_ostream<char,std::char_traits<char>> &,const std::error_code &)'
      C:\Users\User\source\repos\luzan23\OOP-project\src\part2\DeliveryPerson.cpp(11,13):
      while trying to match the argument list '(std::basic_ostream<char,std::char_traits<char>>, <error type>)'
  
  Florist.cpp
  FlowerArranger.cpp
C:\Users\User\source\repos\luzan23\OOP-project\src\part2\Gardener.h(9,25): error C2504: 'Person': base class undefined
  (compiling source file 'src/part2/FlowerArranger.cpp')
  
C:\Users\User\source\repos\luzan23\OOP-project\src\part2\Grower.h(10,23): error C2504: 'Person': base class undefined
  (compiling source file 'src/part2/FlowerArranger.cpp')
  
C:\Users\User\source\repos\luzan23\OOP-project\src\part2\Wholesaler.h(10,27): error C2504: 'Person': base class undefined
  (compiling source file 'src/part2/FlowerArranger.cpp')
  
C:\Users\User\source\repos\luzan23\OOP-project\src\part2\FlowerArranger.h(8,31): error C2504: 'Person': base class undefined
  (compiling source file 'src/part2/FlowerArranger.cpp')
  
C:\Users\User\source\repos\luzan23\OOP-project\src\part2\DeliveryPerson.h(6,31): error C2504: 'Person': base class undefined
  (compiling source file 'src/part2/FlowerArranger.cpp')
  
C:\Users\User\source\repos\luzan23\OOP-project\src\part2\DeliveryPerson.h(10,18): error C2061: syntax error: identifier 'Person'
  (compiling source file 'src/part2/FlowerArranger.cpp')
  
C:\Users\User\source\repos\luzan23\OOP-project\src\part2\Florist.h(10,24): error C2504: 'Person': base class undefined
  (compiling source file 'src/part2/FlowerArranger.cpp')
  
C:\Users\User\source\repos\luzan23\OOP-project\src\part2\Florist.h(17,19): error C2061: syntax error: identifier 'Person'
  (compiling source file 'src/part2/FlowerArranger.cpp')
  
C:\Users\User\source\repos\luzan23\OOP-project\src\part2\FlowerArranger.cpp(9,37): error C3861: 'getName': identifier not found
C:\Users\User\source\repos\luzan23\OOP-project\src\part2\FlowerArranger.cpp(9,12): error C2593: 'operator <<' is ambiguous
      C:\Program Files\Microsoft Visual Studio\2022\Professional\VC\Tools\MSVC\14.44.35207\include\__msvc_ostream.hpp(480,39):
      could be 'std::basic_ostream<char,std::char_traits<char>> &std::basic_ostream<char,std::char_traits<char>>::operator <<(std::basic_streambuf<char,std::char_traits<char>> *)'
      C:\Program Files\Microsoft Visual Studio\2022\Professional\VC\Tools\MSVC\14.44.35207\include\__msvc_ostream.hpp(448,39):
      or       'std::basic_ostream<char,std::char_traits<char>> &std::basic_ostream<char,std::char_traits<char>>::operator <<(const void *)'
      C:\Program Files\Microsoft Visual Studio\2022\Professional\VC\Tools\MSVC\14.44.35207\include\__msvc_ostream.hpp(430,39):
      or       'std::basic_ostream<char,std::char_traits<char>> &std::basic_ostream<char,std::char_traits<char>>::operator <<(long double)'
      C:\Program Files\Microsoft Visual Studio\2022\Professional\VC\Tools\MSVC\14.44.35207\include\__msvc_ostream.hpp(412,39):
      or       'std::basic_ostream<char,std::char_traits<char>> &std::basic_ostream<char,std::char_traits<char>>::operator <<(double)'
      C:\Program Files\Microsoft Visual Studio\2022\Professional\VC\Tools\MSVC\14.44.35207\include\__msvc_ostream.hpp(394,39):
      or       'std::basic_ostream<char,std::char_traits<char>> &std::basic_ostream<char,std::char_traits<char>>::operator <<(float)'
      C:\Program Files\Microsoft Visual Studio\2022\Professional\VC\Tools\MSVC\14.44.35207\include\__msvc_ostream.hpp(376,39):
      or       'std::basic_ostream<char,std::char_traits<char>> &std::basic_ostream<char,std::char_traits<char>>::operator <<(unsigned __int64)'
      C:\Program Files\Microsoft Visual Studio\2022\Professional\VC\Tools\MSVC\14.44.35207\include\__msvc_ostream.hpp(358,39):
      or       'std::basic_ostream<char,std::char_traits<char>> &std::basic_ostream<char,std::char_traits<char>>::operator <<(__int64)'
      C:\Program Files\Microsoft Visual Studio\2022\Professional\VC\Tools\MSVC\14.44.35207\include\__msvc_ostream.hpp(340,39):
      or       'std::basic_ostream<char,std::char_traits<char>> &std::basic_ostream<char,std::char_traits<char>>::operator <<(unsigned long)'
      C:\Program Files\Microsoft Visual Studio\2022\Professional\VC\Tools\MSVC\14.44.35207\include\__msvc_ostream.hpp(322,39):
      or       'std::basic_ostream<char,std::char_traits<char>> &std::basic_ostream<char,std::char_traits<char>>::operator <<(long)'
      C:\Program Files\Microsoft Visual Studio\2022\Professional\VC\Tools\MSVC\14.44.35207\include\__msvc_ostream.hpp(303,39):
      or       'std::basic_ostream<char,std::char_traits<char>> &std::basic_ostream<char,std::char_traits<char>>::operator <<(unsigned int)'
      C:\Program Files\Microsoft Visual Studio\2022\Professional\VC\Tools\MSVC\14.44.35207\include\__msvc_ostream.hpp(277,39):
      or       'std::basic_ostream<char,std::char_traits<char>> &std::basic_ostream<char,std::char_traits<char>>::operator <<(int)'
      C:\Program Files\Microsoft Visual Studio\2022\Professional\VC\Tools\MSVC\14.44.35207\include\__msvc_ostream.hpp(258,39):
      or       'std::basic_ostream<char,std::char_traits<char>> &std::basic_ostream<char,std::char_traits<char>>::operator <<(unsigned short)'
      C:\Program Files\Microsoft Visual Studio\2022\Professional\VC\Tools\MSVC\14.44.35207\include\__msvc_ostream.hpp(224,39):
      or       'std::basic_ostream<char,std::char_traits<char>> &std::basic_ostream<char,std::char_traits<char>>::operator <<(short)'
      C:\Program Files\Microsoft Visual Studio\2022\Professional\VC\Tools\MSVC\14.44.35207\include\__msvc_ostream.hpp(206,39):
      or       'std::basic_ostream<char,std::char_traits<char>> &std::basic_ostream<char,std::char_traits<char>>::operator <<(bool)'
      C:\Program Files\Microsoft Visual Studio\2022\Professional\VC\Tools\MSVC\14.44.35207\include\__msvc_ostream.hpp(200,39):
      or       'std::basic_ostream<char,std::char_traits<char>> &std::basic_ostream<char,std::char_traits<char>>::operator <<(std::ios_base &(__cdecl *)(std::ios_base &))'
      C:\Program Files\Microsoft Visual Studio\2022\Professional\VC\Tools\MSVC\14.44.35207\include\__msvc_ostream.hpp(194,39):
      or       'std::basic_ostream<char,std::char_traits<char>> &std::basic_ostream<char,std::char_traits<char>>::operator <<(std::basic_ios<char,std::char_traits<char>> &(__cdecl *)(std::basic_ios<char,std::char_traits<char>> &))'
      C:\Program Files\Microsoft Visual Studio\2022\Professional\VC\Tools\MSVC\14.44.35207\include\__msvc_ostream.hpp(189,39):
      or       'std::basic_ostream<char,std::char_traits<char>> &std::basic_ostream<char,std::char_traits<char>>::operator <<(std::basic_ostream<char,std::char_traits<char>> &(__cdecl *)(std::basic_ostream<char,std::char_traits<char>> &))'
      C:\Program Files\Microsoft Visual Studio\2022\Professional\VC\Tools\MSVC\14.44.35207\include\__msvc_ostream.hpp(688,32):
      or       'std::basic_ostream<char,std::char_traits<char>> &std::operator <<<char,std::char_traits<char>>(std::basic_ostream<char,std::char_traits<char>> &,const char *)'
      C:\Program Files\Microsoft Visual Studio\2022\Professional\VC\Tools\MSVC\14.44.35207\include\__msvc_ostream.hpp(732,32):
      or       'std::basic_ostream<char,std::char_traits<char>> &std::operator <<<char,std::char_traits<char>>(std::basic_ostream<char,std::char_traits<char>> &,char)'
      C:\Program Files\Microsoft Visual Studio\2022\Professional\VC\Tools\MSVC\14.44.35207\include\__msvc_ostream.hpp(768,31):
      or       'std::basic_ostream<char,std::char_traits<char>> &std::operator <<<std::char_traits<char>>(std::basic_ostream<char,std::char_traits<char>> &,const char *)'
      C:\Program Files\Microsoft Visual Studio\2022\Professional\VC\Tools\MSVC\14.44.35207\include\__msvc_ostream.hpp(813,31):
      or       'std::basic_ostream<char,std::char_traits<char>> &std::operator <<<std::char_traits<char>>(std::basic_ostream<char,std::char_traits<char>> &,char)'
      C:\Program Files\Microsoft Visual Studio\2022\Professional\VC\Tools\MSVC\14.44.35207\include\__msvc_ostream.hpp(930,31):
      or       'std::basic_ostream<char,std::char_traits<char>> &std::operator <<<std::char_traits<char>>(std::basic_ostream<char,std::char_traits<char>> &,const signed char *)'
      C:\Program Files\Microsoft Visual Studio\2022\Professional\VC\Tools\MSVC\14.44.35207\include\__msvc_ostream.hpp(936,31):
      or       'std::basic_ostream<char,std::char_traits<char>> &std::operator <<<std::char_traits<char>>(std::basic_ostream<char,std::char_traits<char>> &,signed char)'
      C:\Program Files\Microsoft Visual Studio\2022\Professional\VC\Tools\MSVC\14.44.35207\include\__msvc_ostream.hpp(941,31):
      or       'std::basic_ostream<char,std::char_traits<char>> &std::operator <<<std::char_traits<char>>(std::basic_ostream<char,std::char_traits<char>> &,const unsigned char *)'
      C:\Program Files\Microsoft Visual Studio\2022\Professional\VC\Tools\MSVC\14.44.35207\include\__msvc_ostream.hpp(947,31):
      or       'std::basic_ostream<char,std::char_traits<char>> &std::operator <<<std::char_traits<char>>(std::basic_ostream<char,std::char_traits<char>> &,unsigned char)'
      C:\Program Files\Microsoft Visual Studio\2022\Professional\VC\Tools\MSVC\14.44.35207\include\__msvc_ostream.hpp(1031,32):
      or       'std::basic_ostream<char,std::char_traits<char>> &std::operator <<<char,std::char_traits<char>>(std::basic_ostream<char,std::char_traits<char>> &,const std::error_code &)'
      C:\Users\User\source\repos\luzan23\OOP-project\src\part2\FlowerArranger.cpp(9,12):
      while trying to match the argument list '(std::basic_ostream<char,std::char_traits<char>>, <error type>)'
  
C:\Users\User\source\repos\luzan23\OOP-project\src\part2\FlowerArranger.cpp(14,1): error C2059: syntax error: '}'
C:\Users\User\source\repos\luzan23\OOP-project\src\part2\FlowerArranger.cpp(14,1): error C2143: syntax error: missing ';' before '}'
  FlowersBouquet.cpp
C:\Users\User\source\repos\luzan23\OOP-project\src\part2\Grower.h(10,23): error C2504: 'Person': base class undefined
  (compiling source file 'src/part2/FlowersBouquet.cpp')
  
C:\Users\User\source\repos\luzan23\OOP-project\src\part2\Grower.h(12,10): error C2143: syntax error: missing ';' before '*'
  (compiling source file 'src/part2/FlowersBouquet.cpp')
  
C:\Users\User\source\repos\luzan23\OOP-project\src\part2\Grower.h(12,2): error C4430: missing type specifier - int assumed. Note: C++ does not support default-int
  (compiling source file 'src/part2/FlowersBouquet.cpp')
  
C:\Users\User\source\repos\luzan23\OOP-project\src\part2\Grower.h(12,20): error C2238: unexpected token(s) preceding ';'
  (compiling source file 'src/part2/FlowersBouquet.cpp')
  
C:\Users\User\source\repos\luzan23\OOP-project\src\part2\Grower.h(15,27): error C2061: syntax error: identifier 'Gardener'
  (compiling source file 'src/part2/FlowersBouquet.cpp')
  
C:\Users\User\source\repos\luzan23\OOP-project\src\part2\Wholesaler.h(10,27): error C2504: 'Person': base class undefined
  (compiling source file 'src/part2/FlowersBouquet.cpp')
  
C:\Users\User\source\repos\luzan23\OOP-project\src\part2\FlowerArranger.h(8,31): error C2504: 'Person': base class undefined
  (compiling source file 'src/part2/FlowersBouquet.cpp')
  
C:\Users\User\source\repos\luzan23\OOP-project\src\part2\DeliveryPerson.h(6,31): error C2504: 'Person': base class undefined
  (compiling source file 'src/part2/FlowersBouquet.cpp')
  
C:\Users\User\source\repos\luzan23\OOP-project\src\part2\DeliveryPerson.h(10,18): error C2061: syntax error: identifier 'Person'
  (compiling source file 'src/part2/FlowersBouquet.cpp')
  
C:\Users\User\source\repos\luzan23\OOP-project\src\part2\Florist.h(10,24): error C2504: 'Person': base class undefined
  (compiling source file 'src/part2/FlowersBouquet.cpp')
  
C:\Users\User\source\repos\luzan23\OOP-project\src\part2\Florist.h(17,19): error C2061: syntax error: identifier 'Person'
  (compiling source file 'src/part2/FlowersBouquet.cpp')
  
  Gardener.cpp
C:\Users\User\source\repos\luzan23\OOP-project\src\part2\Grower.h(10,23): error C2504: 'Person': base class undefined
  (compiling source file 'src/part2/Gardener.cpp')
  
C:\Users\User\source\repos\luzan23\OOP-project\src\part2\Grower.h(12,10): error C2143: syntax error: missing ';' before '*'
  (compiling source file 'src/part2/Gardener.cpp')
  
C:\Users\User\source\repos\luzan23\OOP-project\src\part2\Grower.h(12,2): error C4430: missing type specifier - int assumed. Note: C++ does not support default-int
  (compiling source file 'src/part2/Gardener.cpp')
  
C:\Users\User\source\repos\luzan23\OOP-project\src\part2\Grower.h(12,20): error C2238: unexpected token(s) preceding ';'
  (compiling source file 'src/part2/Gardener.cpp')
  
C:\Users\User\source\repos\luzan23\OOP-project\src\part2\Grower.h(15,27): error C2061: syntax error: identifier 'Gardener'
  (compiling source file 'src/part2/Gardener.cpp')
  
C:\Users\User\source\repos\luzan23\OOP-project\src\part2\Wholesaler.h(10,27): error C2504: 'Person': base class undefined
  (compiling source file 'src/part2/Gardener.cpp')
  
C:\Users\User\source\repos\luzan23\OOP-project\src\part2\FlowerArranger.h(8,31): error C2504: 'Person': base class undefined
  (compiling source file 'src/part2/Gardener.cpp')
  
C:\Users\User\source\repos\luzan23\OOP-project\src\part2\DeliveryPerson.h(6,31): error C2504: 'Person': base class undefined
  (compiling source file 'src/part2/Gardener.cpp')
  
C:\Users\User\source\repos\luzan23\OOP-project\src\part2\DeliveryPerson.h(10,18): error C2061: syntax error: identifier 'Person'
  (compiling source file 'src/part2/Gardener.cpp')
  
C:\Users\User\source\repos\luzan23\OOP-project\src\part2\Florist.h(10,24): error C2504: 'Person': base class undefined
  (compiling source file 'src/part2/Gardener.cpp')
  
C:\Users\User\source\repos\luzan23\OOP-project\src\part2\Florist.h(17,19): error C2061: syntax error: identifier 'Person'
  (compiling source file 'src/part2/Gardener.cpp')
  
  Grower.cpp
C:\Users\User\source\repos\luzan23\OOP-project\src\part2\Grower.h(10,23): error C2504: 'Person': base class undefined
  (compiling source file 'src/part2/Grower.cpp')
  
C:\Users\User\source\repos\luzan23\OOP-project\src\part2\Grower.h(12,10): error C2143: syntax error: missing ';' before '*'
  (compiling source file 'src/part2/Grower.cpp')
  
C:\Users\User\source\repos\luzan23\OOP-project\src\part2\Grower.h(12,2): error C4430: missing type specifier - int assumed. Note: C++ does not support default-int
  (compiling source file 'src/part2/Grower.cpp')
  
C:\Users\User\source\repos\luzan23\OOP-project\src\part2\Grower.h(12,20): error C2238: unexpected token(s) preceding ';'
  (compiling source file 'src/part2/Grower.cpp')
  
C:\Users\User\source\repos\luzan23\OOP-project\src\part2\Grower.h(15,27): error C2061: syntax error: identifier 'Gardener'
  (compiling source file 'src/part2/Grower.cpp')
  
C:\Users\User\source\repos\luzan23\OOP-project\src\part2\Wholesaler.h(10,27): error C2504: 'Person': base class undefined
  (compiling source file 'src/part2/Grower.cpp')
  
C:\Users\User\source\repos\luzan23\OOP-project\src\part2\FlowerArranger.h(8,31): error C2504: 'Person': base class undefined
  (compiling source file 'src/part2/Grower.cpp')
  
C:\Users\User\source\repos\luzan23\OOP-project\src\part2\DeliveryPerson.h(6,31): error C2504: 'Person': base class undefined
  (compiling source file 'src/part2/Grower.cpp')
  
C:\Users\User\source\repos\luzan23\OOP-project\src\part2\DeliveryPerson.h(10,18): error C2061: syntax error: identifier 'Person'
  (compiling source file 'src/part2/Grower.cpp')
  
C:\Users\User\source\repos\luzan23\OOP-project\src\part2\Florist.h(10,24): error C2504: 'Person': base class undefined
  (compiling source file 'src/part2/Grower.cpp')
  
C:\Users\User\source\repos\luzan23\OOP-project\src\part2\Florist.h(17,19): error C2061: syntax error: identifier 'Person'
  (compiling source file 'src/part2/Grower.cpp')
  
C:\Users\User\source\repos\luzan23\OOP-project\src\part2\Grower.cpp(7,9): error C2511: 'Grower::Grower(std::string,Gardener *)': overloaded member function not found in 'Grower'
      C:\Users\User\source\repos\luzan23\OOP-project\src\part2\Grower.h(10,7):
      see declaration of 'Grower'
  
C:\Users\User\source\repos\luzan23\OOP-project\src\part2\Grower.cpp(9,2): error C2550: 'Grower::{ctor}': constructor initializer lists are only allowed on constructor definitions
C:\Users\User\source\repos\luzan23\OOP-project\src\part2\Grower.cpp(11,29): error C3861: 'getName': identifier not found
C:\Users\User\source\repos\luzan23\OOP-project\src\part2\Grower.cpp(11,13): error C2593: 'operator <<' is ambiguous
      C:\Program Files\Microsoft Visual Studio\2022\Professional\VC\Tools\MSVC\14.44.35207\include\__msvc_ostream.hpp(480,39):
      could be 'std::basic_ostream<char,std::char_traits<char>> &std::basic_ostream<char,std::char_traits<char>>::operator <<(std::basic_streambuf<char,std::char_traits<char>> *)'
      C:\Program Files\Microsoft Visual Studio\2022\Professional\VC\Tools\MSVC\14.44.35207\include\__msvc_ostream.hpp(448,39):
      or       'std::basic_ostream<char,std::char_traits<char>> &std::basic_ostream<char,std::char_traits<char>>::operator <<(const void *)'
      C:\Program Files\Microsoft Visual Studio\2022\Professional\VC\Tools\MSVC\14.44.35207\include\__msvc_ostream.hpp(430,39):
      or       'std::basic_ostream<char,std::char_traits<char>> &std::basic_ostream<char,std::char_traits<char>>::operator <<(long double)'
      C:\Program Files\Microsoft Visual Studio\2022\Professional\VC\Tools\MSVC\14.44.35207\include\__msvc_ostream.hpp(412,39):
      or       'std::basic_ostream<char,std::char_traits<char>> &std::basic_ostream<char,std::char_traits<char>>::operator <<(double)'
      C:\Program Files\Microsoft Visual Studio\2022\Professional\VC\Tools\MSVC\14.44.35207\include\__msvc_ostream.hpp(394,39):
      or       'std::basic_ostream<char,std::char_traits<char>> &std::basic_ostream<char,std::char_traits<char>>::operator <<(float)'
      C:\Program Files\Microsoft Visual Studio\2022\Professional\VC\Tools\MSVC\14.44.35207\include\__msvc_ostream.hpp(376,39):
      or       'std::basic_ostream<char,std::char_traits<char>> &std::basic_ostream<char,std::char_traits<char>>::operator <<(unsigned __int64)'
      C:\Program Files\Microsoft Visual Studio\2022\Professional\VC\Tools\MSVC\14.44.35207\include\__msvc_ostream.hpp(358,39):
      or       'std::basic_ostream<char,std::char_traits<char>> &std::basic_ostream<char,std::char_traits<char>>::operator <<(__int64)'
      C:\Program Files\Microsoft Visual Studio\2022\Professional\VC\Tools\MSVC\14.44.35207\include\__msvc_ostream.hpp(340,39):
      or       'std::basic_ostream<char,std::char_traits<char>> &std::basic_ostream<char,std::char_traits<char>>::operator <<(unsigned long)'
      C:\Program Files\Microsoft Visual Studio\2022\Professional\VC\Tools\MSVC\14.44.35207\include\__msvc_ostream.hpp(322,39):
      or       'std::basic_ostream<char,std::char_traits<char>> &std::basic_ostream<char,std::char_traits<char>>::operator <<(long)'
      C:\Program Files\Microsoft Visual Studio\2022\Professional\VC\Tools\MSVC\14.44.35207\include\__msvc_ostream.hpp(303,39):
      or       'std::basic_ostream<char,std::char_traits<char>> &std::basic_ostream<char,std::char_traits<char>>::operator <<(unsigned int)'
      C:\Program Files\Microsoft Visual Studio\2022\Professional\VC\Tools\MSVC\14.44.35207\include\__msvc_ostream.hpp(277,39):
      or       'std::basic_ostream<char,std::char_traits<char>> &std::basic_ostream<char,std::char_traits<char>>::operator <<(int)'
      C:\Program Files\Microsoft Visual Studio\2022\Professional\VC\Tools\MSVC\14.44.35207\include\__msvc_ostream.hpp(258,39):
      or       'std::basic_ostream<char,std::char_traits<char>> &std::basic_ostream<char,std::char_traits<char>>::operator <<(unsigned short)'
      C:\Program Files\Microsoft Visual Studio\2022\Professional\VC\Tools\MSVC\14.44.35207\include\__msvc_ostream.hpp(224,39):
      or       'std::basic_ostream<char,std::char_traits<char>> &std::basic_ostream<char,std::char_traits<char>>::operator <<(short)'
      C:\Program Files\Microsoft Visual Studio\2022\Professional\VC\Tools\MSVC\14.44.35207\include\__msvc_ostream.hpp(206,39):
      or       'std::basic_ostream<char,std::char_traits<char>> &std::basic_ostream<char,std::char_traits<char>>::operator <<(bool)'
      C:\Program Files\Microsoft Visual Studio\2022\Professional\VC\Tools\MSVC\14.44.35207\include\__msvc_ostream.hpp(200,39):
      or       'std::basic_ostream<char,std::char_traits<char>> &std::basic_ostream<char,std::char_traits<char>>::operator <<(std::ios_base &(__cdecl *)(std::ios_base &))'
      C:\Program Files\Microsoft Visual Studio\2022\Professional\VC\Tools\MSVC\14.44.35207\include\__msvc_ostream.hpp(194,39):
      or       'std::basic_ostream<char,std::char_traits<char>> &std::basic_ostream<char,std::char_traits<char>>::operator <<(std::basic_ios<char,std::char_traits<char>> &(__cdecl *)(std::basic_ios<char,std::char_traits<char>> &))'
      C:\Program Files\Microsoft Visual Studio\2022\Professional\VC\Tools\MSVC\14.44.35207\include\__msvc_ostream.hpp(189,39):
      or       'std::basic_ostream<char,std::char_traits<char>> &std::basic_ostream<char,std::char_traits<char>>::operator <<(std::basic_ostream<char,std::char_traits<char>> &(__cdecl *)(std::basic_ostream<char,std::char_traits<char>> &))'
      C:\Program Files\Microsoft Visual Studio\2022\Professional\VC\Tools\MSVC\14.44.35207\include\__msvc_ostream.hpp(688,32):
      or       'std::basic_ostream<char,std::char_traits<char>> &std::operator <<<char,std::char_traits<char>>(std::basic_ostream<char,std::char_traits<char>> &,const char *)'
      C:\Program Files\Microsoft Visual Studio\2022\Professional\VC\Tools\MSVC\14.44.35207\include\__msvc_ostream.hpp(732,32):
      or       'std::basic_ostream<char,std::char_traits<char>> &std::operator <<<char,std::char_traits<char>>(std::basic_ostream<char,std::char_traits<char>> &,char)'
      C:\Program Files\Microsoft Visual Studio\2022\Professional\VC\Tools\MSVC\14.44.35207\include\__msvc_ostream.hpp(768,31):
      or       'std::basic_ostream<char,std::char_traits<char>> &std::operator <<<std::char_traits<char>>(std::basic_ostream<char,std::char_traits<char>> &,const char *)'
      C:\Program Files\Microsoft Visual Studio\2022\Professional\VC\Tools\MSVC\14.44.35207\include\__msvc_ostream.hpp(813,31):
      or       'std::basic_ostream<char,std::char_traits<char>> &std::operator <<<std::char_traits<char>>(std::basic_ostream<char,std::char_traits<char>> &,char)'
      C:\Program Files\Microsoft Visual Studio\2022\Professional\VC\Tools\MSVC\14.44.35207\include\__msvc_ostream.hpp(930,31):
      or       'std::basic_ostream<char,std::char_traits<char>> &std::operator <<<std::char_traits<char>>(std::basic_ostream<char,std::char_traits<char>> &,const signed char *)'
      C:\Program Files\Microsoft Visual Studio\2022\Professional\VC\Tools\MSVC\14.44.35207\include\__msvc_ostream.hpp(936,31):
      or       'std::basic_ostream<char,std::char_traits<char>> &std::operator <<<std::char_traits<char>>(std::basic_ostream<char,std::char_traits<char>> &,signed char)'
      C:\Program Files\Microsoft Visual Studio\2022\Professional\VC\Tools\MSVC\14.44.35207\include\__msvc_ostream.hpp(941,31):
      or       'std::basic_ostream<char,std::char_traits<char>> &std::operator <<<std::char_traits<char>>(std::basic_ostream<char,std::char_traits<char>> &,const unsigned char *)'
      C:\Program Files\Microsoft Visual Studio\2022\Professional\VC\Tools\MSVC\14.44.35207\include\__msvc_ostream.hpp(947,31):
      or       'std::basic_ostream<char,std::char_traits<char>> &std::operator <<<std::char_traits<char>>(std::basic_ostream<char,std::char_traits<char>> &,unsigned char)'
      C:\Program Files\Microsoft Visual Studio\2022\Professional\VC\Tools\MSVC\14.44.35207\include\__msvc_ostream.hpp(1031,32):
      or       'std::basic_ostream<char,std::char_traits<char>> &std::operator <<<char,std::char_traits<char>>(std::basic_ostream<char,std::char_traits<char>> &,const std::error_code &)'
      C:\Users\User\source\repos\luzan23\OOP-project\src\part2\Grower.cpp(11,13):
      while trying to match the argument list '(std::basic_ostream<char,std::char_traits<char>>, <error type>)'
  
C:\Users\User\source\repos\luzan23\OOP-project\src\part2\Grower.cpp(11,86): error C2065: 'gardener': undeclared identifier
C:\Users\User\source\repos\luzan23\OOP-project\src\part2\Grower.cpp(12,29): error C2065: 'gardener': undeclared identifier
C:\Users\User\source\repos\luzan23\OOP-project\src\part2\Grower.cpp(13,29): error C3861: 'getName': identifier not found
C:\Users\User\source\repos\luzan23\OOP-project\src\part2\Grower.cpp(13,13): error C2593: 'operator <<' is ambiguous
      C:\Program Files\Microsoft Visual Studio\2022\Professional\VC\Tools\MSVC\14.44.35207\include\__msvc_ostream.hpp(480,39):
      could be 'std::basic_ostream<char,std::char_traits<char>> &std::basic_ostream<char,std::char_traits<char>>::operator <<(std::basic_streambuf<char,std::char_traits<char>> *)'
      C:\Program Files\Microsoft Visual Studio\2022\Professional\VC\Tools\MSVC\14.44.35207\include\__msvc_ostream.hpp(448,39):
      or       'std::basic_ostream<char,std::char_traits<char>> &std::basic_ostream<char,std::char_traits<char>>::operator <<(const void *)'
      C:\Program Files\Microsoft Visual Studio\2022\Professional\VC\Tools\MSVC\14.44.35207\include\__msvc_ostream.hpp(430,39):
      or       'std::basic_ostream<char,std::char_traits<char>> &std::basic_ostream<char,std::char_traits<char>>::operator <<(long double)'
      C:\Program Files\Microsoft Visual Studio\2022\Professional\VC\Tools\MSVC\14.44.35207\include\__msvc_ostream.hpp(412,39):
      or       'std::basic_ostream<char,std::char_traits<char>> &std::basic_ostream<char,std::char_traits<char>>::operator <<(double)'
      C:\Program Files\Microsoft Visual Studio\2022\Professional\VC\Tools\MSVC\14.44.35207\include\__msvc_ostream.hpp(394,39):
      or       'std::basic_ostream<char,std::char_traits<char>> &std::basic_ostream<char,std::char_traits<char>>::operator <<(float)'
      C:\Program Files\Microsoft Visual Studio\2022\Professional\VC\Tools\MSVC\14.44.35207\include\__msvc_ostream.hpp(376,39):
      or       'std::basic_ostream<char,std::char_traits<char>> &std::basic_ostream<char,std::char_traits<char>>::operator <<(unsigned __int64)'
      C:\Program Files\Microsoft Visual Studio\2022\Professional\VC\Tools\MSVC\14.44.35207\include\__msvc_ostream.hpp(358,39):
      or       'std::basic_ostream<char,std::char_traits<char>> &std::basic_ostream<char,std::char_traits<char>>::operator <<(__int64)'
      C:\Program Files\Microsoft Visual Studio\2022\Professional\VC\Tools\MSVC\14.44.35207\include\__msvc_ostream.hpp(340,39):
      or       'std::basic_ostream<char,std::char_traits<char>> &std::basic_ostream<char,std::char_traits<char>>::operator <<(unsigned long)'
      C:\Program Files\Microsoft Visual Studio\2022\Professional\VC\Tools\MSVC\14.44.35207\include\__msvc_ostream.hpp(322,39):
      or       'std::basic_ostream<char,std::char_traits<char>> &std::basic_ostream<char,std::char_traits<char>>::operator <<(long)'
      C:\Program Files\Microsoft Visual Studio\2022\Professional\VC\Tools\MSVC\14.44.35207\include\__msvc_ostream.hpp(303,39):
      or       'std::basic_ostream<char,std::char_traits<char>> &std::basic_ostream<char,std::char_traits<char>>::operator <<(unsigned int)'
      C:\Program Files\Microsoft Visual Studio\2022\Professional\VC\Tools\MSVC\14.44.35207\include\__msvc_ostream.hpp(277,39):
      or       'std::basic_ostream<char,std::char_traits<char>> &std::basic_ostream<char,std::char_traits<char>>::operator <<(int)'
      C:\Program Files\Microsoft Visual Studio\2022\Professional\VC\Tools\MSVC\14.44.35207\include\__msvc_ostream.hpp(258,39):
      or       'std::basic_ostream<char,std::char_traits<char>> &std::basic_ostream<char,std::char_traits<char>>::operator <<(unsigned short)'
      C:\Program Files\Microsoft Visual Studio\2022\Professional\VC\Tools\MSVC\14.44.35207\include\__msvc_ostream.hpp(224,39):
      or       'std::basic_ostream<char,std::char_traits<char>> &std::basic_ostream<char,std::char_traits<char>>::operator <<(short)'
      C:\Program Files\Microsoft Visual Studio\2022\Professional\VC\Tools\MSVC\14.44.35207\include\__msvc_ostream.hpp(206,39):
      or       'std::basic_ostream<char,std::char_traits<char>> &std::basic_ostream<char,std::char_traits<char>>::operator <<(bool)'
      C:\Program Files\Microsoft Visual Studio\2022\Professional\VC\Tools\MSVC\14.44.35207\include\__msvc_ostream.hpp(200,39):
      or       'std::basic_ostream<char,std::char_traits<char>> &std::basic_ostream<char,std::char_traits<char>>::operator <<(std::ios_base &(__cdecl *)(std::ios_base &))'
      C:\Program Files\Microsoft Visual Studio\2022\Professional\VC\Tools\MSVC\14.44.35207\include\__msvc_ostream.hpp(194,39):
      or       'std::basic_ostream<char,std::char_traits<char>> &std::basic_ostream<char,std::char_traits<char>>::operator <<(std::basic_ios<char,std::char_traits<char>> &(__cdecl *)(std::basic_ios<char,std::char_traits<char>> &))'
      C:\Program Files\Microsoft Visual Studio\2022\Professional\VC\Tools\MSVC\14.44.35207\include\__msvc_ostream.hpp(189,39):
      or       'std::basic_ostream<char,std::char_traits<char>> &std::basic_ostream<char,std::char_traits<char>>::operator <<(std::basic_ostream<char,std::char_traits<char>> &(__cdecl *)(std::basic_ostream<char,std::char_traits<char>> &))'
      C:\Program Files\Microsoft Visual Studio\2022\Professional\VC\Tools\MSVC\14.44.35207\include\__msvc_ostream.hpp(688,32):
      or       'std::basic_ostream<char,std::char_traits<char>> &std::operator <<<char,std::char_traits<char>>(std::basic_ostream<char,std::char_traits<char>> &,const char *)'
      C:\Program Files\Microsoft Visual Studio\2022\Professional\VC\Tools\MSVC\14.44.35207\include\__msvc_ostream.hpp(732,32):
      or       'std::basic_ostream<char,std::char_traits<char>> &std::operator <<<char,std::char_traits<char>>(std::basic_ostream<char,std::char_traits<char>> &,char)'
      C:\Program Files\Microsoft Visual Studio\2022\Professional\VC\Tools\MSVC\14.44.35207\include\__msvc_ostream.hpp(768,31):
      or       'std::basic_ostream<char,std::char_traits<char>> &std::operator <<<std::char_traits<char>>(std::basic_ostream<char,std::char_traits<char>> &,const char *)'
      C:\Program Files\Microsoft Visual Studio\2022\Professional\VC\Tools\MSVC\14.44.35207\include\__msvc_ostream.hpp(813,31):
      or       'std::basic_ostream<char,std::char_traits<char>> &std::operator <<<std::char_traits<char>>(std::basic_ostream<char,std::char_traits<char>> &,char)'
      C:\Program Files\Microsoft Visual Studio\2022\Professional\VC\Tools\MSVC\14.44.35207\include\__msvc_ostream.hpp(930,31):
      or       'std::basic_ostream<char,std::char_traits<char>> &std::operator <<<std::char_traits<char>>(std::basic_ostream<char,std::char_traits<char>> &,const signed char *)'
      C:\Program Files\Microsoft Visual Studio\2022\Professional\VC\Tools\MSVC\14.44.35207\include\__msvc_ostream.hpp(936,31):
      or       'std::basic_ostream<char,std::char_traits<char>> &std::operator <<<std::char_traits<char>>(std::basic_ostream<char,std::char_traits<char>> &,signed char)'
      C:\Program Files\Microsoft Visual Studio\2022\Professional\VC\Tools\MSVC\14.44.35207\include\__msvc_ostream.hpp(941,31):
      or       'std::basic_ostream<char,std::char_traits<char>> &std::operator <<<std::char_traits<char>>(std::basic_ostream<char,std::char_traits<char>> &,const unsigned char *)'
      C:\Program Files\Microsoft Visual Studio\2022\Professional\VC\Tools\MSVC\14.44.35207\include\__msvc_ostream.hpp(947,31):
      or       'std::basic_ostream<char,std::char_traits<char>> &std::operator <<<std::char_traits<char>>(std::basic_ostream<char,std::char_traits<char>> &,unsigned char)'
      C:\Program Files\Microsoft Visual Studio\2022\Professional\VC\Tools\MSVC\14.44.35207\include\__msvc_ostream.hpp(1031,32):
      or       'std::basic_ostream<char,std::char_traits<char>> &std::operator <<<char,std::char_traits<char>>(std::basic_ostream<char,std::char_traits<char>> &,const std::error_code &)'
      C:\Users\User\source\repos\luzan23\OOP-project\src\part2\Grower.cpp(13,13):
      while trying to match the argument list '(std::basic_ostream<char,std::char_traits<char>>, <error type>)'
  
  main.cpp
C:\Users\User\source\repos\luzan23\OOP-project\src\part2\Gardener.h(9,25): error C2504: 'Person': base class undefined
  (compiling source file 'src/part2/main.cpp')
  
C:\Users\User\source\repos\luzan23\OOP-project\src\part2\Grower.h(10,23): error C2504: 'Person': base class undefined
  (compiling source file 'src/part2/main.cpp')
  
C:\Users\User\source\repos\luzan23\OOP-project\src\part2\Wholesaler.h(10,27): error C2504: 'Person': base class undefined
  (compiling source file 'src/part2/main.cpp')
  
C:\Users\User\source\repos\luzan23\OOP-project\src\part2\FlowerArranger.h(8,31): error C2504: 'Person': base class undefined
  (compiling source file 'src/part2/main.cpp')
  
C:\Users\User\source\repos\luzan23\OOP-project\src\part2\DeliveryPerson.h(6,31): error C2504: 'Person': base class undefined
  (compiling source file 'src/part2/main.cpp')
  
C:\Users\User\source\repos\luzan23\OOP-project\src\part2\DeliveryPerson.h(10,18): error C2061: syntax error: identifier 'Person'
  (compiling source file 'src/part2/main.cpp')
  
C:\Users\User\source\repos\luzan23\OOP-project\src\part2\Florist.h(10,24): error C2504: 'Person': base class undefined
  (compiling source file 'src/part2/main.cpp')
  
C:\Users\User\source\repos\luzan23\OOP-project\src\part2\Florist.h(17,19): error C2061: syntax error: identifier 'Person'
  (compiling source file 'src/part2/main.cpp')
  
  Person.cpp
C:\Users\User\source\repos\luzan23\OOP-project\src\part2\Gardener.h(9,25): error C2504: 'Person': base class undefined
  (compiling source file 'src/part2/Person.cpp')
  
C:\Users\User\source\repos\luzan23\OOP-project\src\part2\Grower.h(10,23): error C2504: 'Person': base class undefined
  (compiling source file 'src/part2/Person.cpp')
  
C:\Users\User\source\repos\luzan23\OOP-project\src\part2\Wholesaler.h(10,27): error C2504: 'Person': base class undefined
  (compiling source file 'src/part2/Person.cpp')
  
C:\Users\User\source\repos\luzan23\OOP-project\src\part2\FlowerArranger.h(8,31): error C2504: 'Person': base class undefined
  (compiling source file 'src/part2/Person.cpp')
  
C:\Users\User\source\repos\luzan23\OOP-project\src\part2\DeliveryPerson.h(6,31): error C2504: 'Person': base class undefined
  (compiling source file 'src/part2/Person.cpp')
  
C:\Users\User\source\repos\luzan23\OOP-project\src\part2\DeliveryPerson.h(10,18): error C2061: syntax error: identifier 'Person'
  (compiling source file 'src/part2/Person.cpp')
  
C:\Users\User\source\repos\luzan23\OOP-project\src\part2\Florist.h(10,24): error C2504: 'Person': base class undefined
  (compiling source file 'src/part2/Person.cpp')
  
C:\Users\User\source\repos\luzan23\OOP-project\src\part2\Florist.h(17,19): error C2061: syntax error: identifier 'Person'
  (compiling source file 'src/part2/Person.cpp')
  
C:\Users\User\source\repos\luzan23\OOP-project\src\part2\Person.cpp(12,41): error C2039: 'getName': is not a member of 'Florist'
      C:\Users\User\source\repos\luzan23\OOP-project\src\part2\Florist.h(10,7):
      see declaration of 'Florist'
  
C:\Users\User\source\repos\luzan23\OOP-project\src\part2\Person.cpp(20,14): error C2660: 'Florist::acceptOrder': function does not take 2 arguments
      C:\Users\User\source\repos\luzan23\OOP-project\src\part2\Florist.h(17,7):
      see declaration of 'Florist::acceptOrder'
      C:\Users\User\source\repos\luzan23\OOP-project\src\part2\Person.cpp(20,14):
      while trying to match the argument list '(Person *, std::vector<std::string,std::allocator<std::string>>)'
  
  Wholesaler.cpp
C:\Users\User\source\repos\luzan23\OOP-project\src\part2\Wholesaler.h(10,27): error C2504: 'Person': base class undefined
  (compiling source file 'src/part2/Wholesaler.cpp')
  
C:\Users\User\source\repos\luzan23\OOP-project\src\part2\Wholesaler.h(12,8): error C2143: syntax error: missing ';' before '*'
  (compiling source file 'src/part2/Wholesaler.cpp')
  
C:\Users\User\source\repos\luzan23\OOP-project\src\part2\Wholesaler.h(12,2): error C4430: missing type specifier - int assumed. Note: C++ does not support default-int
  (compiling source file 'src/part2/Wholesaler.cpp')
  
C:\Users\User\source\repos\luzan23\OOP-project\src\part2\Wholesaler.h(12,16): error C2238: unexpected token(s) preceding ';'
  (compiling source file 'src/part2/Wholesaler.cpp')
  
C:\Users\User\source\repos\luzan23\OOP-project\src\part2\Wholesaler.h(15,32): error C2061: syntax error: identifier 'Grower'
  (compiling source file 'src/part2/Wholesaler.cpp')
  
C:\Users\User\source\repos\luzan23\OOP-project\src\part2\FlowerArranger.h(8,31): error C2504: 'Person': base class undefined
  (compiling source file 'src/part2/Wholesaler.cpp')
  
C:\Users\User\source\repos\luzan23\OOP-project\src\part2\DeliveryPerson.h(6,31): error C2504: 'Person': base class undefined
  (compiling source file 'src/part2/Wholesaler.cpp')
  
C:\Users\User\source\repos\luzan23\OOP-project\src\part2\DeliveryPerson.h(10,18): error C2061: syntax error: identifier 'Person'
  (compiling source file 'src/part2/Wholesaler.cpp')
  
C:\Users\User\source\repos\luzan23\OOP-project\src\part2\Florist.h(10,24): error C2504: 'Person': base class undefined
  (compiling source file 'src/part2/Wholesaler.cpp')
  
C:\Users\User\source\repos\luzan23\OOP-project\src\part2\Florist.h(17,19): error C2061: syntax error: identifier 'Person'
  (compiling source file 'src/part2/Wholesaler.cpp')
  
C:\Users\User\source\repos\luzan23\OOP-project\src\part2\Wholesaler.cpp(8,13): error C2511: 'Wholesaler::Wholesaler(std::string,Grower *)': overloaded member function not found in 'Wholesaler'
      C:\Users\User\source\repos\luzan23\OOP-project\src\part2\Wholesaler.h(10,7):
      see declaration of 'Wholesaler'
  
C:\Users\User\source\repos\luzan23\OOP-project\src\part2\Wholesaler.cpp(8,89): error C2550: 'Wholesaler::{ctor}': constructor initializer lists are only allowed on constructor definitions
C:\Users\User\source\repos\luzan23\OOP-project\src\part2\Wholesaler.cpp(12,33): error C3861: 'getName': identifier not found
C:\Users\User\source\repos\luzan23\OOP-project\src\part2\Wholesaler.cpp(12,13): error C2593: 'operator <<' is ambiguous
      C:\Program Files\Microsoft Visual Studio\2022\Professional\VC\Tools\MSVC\14.44.35207\include\__msvc_ostream.hpp(480,39):
      could be 'std::basic_ostream<char,std::char_traits<char>> &std::basic_ostream<char,std::char_traits<char>>::operator <<(std::basic_streambuf<char,std::char_traits<char>> *)'
      C:\Program Files\Microsoft Visual Studio\2022\Professional\VC\Tools\MSVC\14.44.35207\include\__msvc_ostream.hpp(448,39):
      or       'std::basic_ostream<char,std::char_traits<char>> &std::basic_ostream<char,std::char_traits<char>>::operator <<(const void *)'
      C:\Program Files\Microsoft Visual Studio\2022\Professional\VC\Tools\MSVC\14.44.35207\include\__msvc_ostream.hpp(430,39):
      or       'std::basic_ostream<char,std::char_traits<char>> &std::basic_ostream<char,std::char_traits<char>>::operator <<(long double)'
      C:\Program Files\Microsoft Visual Studio\2022\Professional\VC\Tools\MSVC\14.44.35207\include\__msvc_ostream.hpp(412,39):
      or       'std::basic_ostream<char,std::char_traits<char>> &std::basic_ostream<char,std::char_traits<char>>::operator <<(double)'
      C:\Program Files\Microsoft Visual Studio\2022\Professional\VC\Tools\MSVC\14.44.35207\include\__msvc_ostream.hpp(394,39):
      or       'std::basic_ostream<char,std::char_traits<char>> &std::basic_ostream<char,std::char_traits<char>>::operator <<(float)'
      C:\Program Files\Microsoft Visual Studio\2022\Professional\VC\Tools\MSVC\14.44.35207\include\__msvc_ostream.hpp(376,39):
      or       'std::basic_ostream<char,std::char_traits<char>> &std::basic_ostream<char,std::char_traits<char>>::operator <<(unsigned __int64)'
      C:\Program Files\Microsoft Visual Studio\2022\Professional\VC\Tools\MSVC\14.44.35207\include\__msvc_ostream.hpp(358,39):
      or       'std::basic_ostream<char,std::char_traits<char>> &std::basic_ostream<char,std::char_traits<char>>::operator <<(__int64)'
      C:\Program Files\Microsoft Visual Studio\2022\Professional\VC\Tools\MSVC\14.44.35207\include\__msvc_ostream.hpp(340,39):
      or       'std::basic_ostream<char,std::char_traits<char>> &std::basic_ostream<char,std::char_traits<char>>::operator <<(unsigned long)'
      C:\Program Files\Microsoft Visual Studio\2022\Professional\VC\Tools\MSVC\14.44.35207\include\__msvc_ostream.hpp(322,39):
      or       'std::basic_ostream<char,std::char_traits<char>> &std::basic_ostream<char,std::char_traits<char>>::operator <<(long)'
      C:\Program Files\Microsoft Visual Studio\2022\Professional\VC\Tools\MSVC\14.44.35207\include\__msvc_ostream.hpp(303,39):
      or       'std::basic_ostream<char,std::char_traits<char>> &std::basic_ostream<char,std::char_traits<char>>::operator <<(unsigned int)'
      C:\Program Files\Microsoft Visual Studio\2022\Professional\VC\Tools\MSVC\14.44.35207\include\__msvc_ostream.hpp(277,39):
      or       'std::basic_ostream<char,std::char_traits<char>> &std::basic_ostream<char,std::char_traits<char>>::operator <<(int)'
      C:\Program Files\Microsoft Visual Studio\2022\Professional\VC\Tools\MSVC\14.44.35207\include\__msvc_ostream.hpp(258,39):
      or       'std::basic_ostream<char,std::char_traits<char>> &std::basic_ostream<char,std::char_traits<char>>::operator <<(unsigned short)'
      C:\Program Files\Microsoft Visual Studio\2022\Professional\VC\Tools\MSVC\14.44.35207\include\__msvc_ostream.hpp(224,39):
      or       'std::basic_ostream<char,std::char_traits<char>> &std::basic_ostream<char,std::char_traits<char>>::operator <<(short)'
      C:\Program Files\Microsoft Visual Studio\2022\Professional\VC\Tools\MSVC\14.44.35207\include\__msvc_ostream.hpp(206,39):
      or       'std::basic_ostream<char,std::char_traits<char>> &std::basic_ostream<char,std::char_traits<char>>::operator <<(bool)'
      C:\Program Files\Microsoft Visual Studio\2022\Professional\VC\Tools\MSVC\14.44.35207\include\__msvc_ostream.hpp(200,39):
      or       'std::basic_ostream<char,std::char_traits<char>> &std::basic_ostream<char,std::char_traits<char>>::operator <<(std::ios_base &(__cdecl *)(std::ios_base &))'
      C:\Program Files\Microsoft Visual Studio\2022\Professional\VC\Tools\MSVC\14.44.35207\include\__msvc_ostream.hpp(194,39):
      or       'std::basic_ostream<char,std::char_traits<char>> &std::basic_ostream<char,std::char_traits<char>>::operator <<(std::basic_ios<char,std::char_traits<char>> &(__cdecl *)(std::basic_ios<char,std::char_traits<char>> &))'
      C:\Program Files\Microsoft Visual Studio\2022\Professional\VC\Tools\MSVC\14.44.35207\include\__msvc_ostream.hpp(189,39):
      or       'std::basic_ostream<char,std::char_traits<char>> &std::basic_ostream<char,std::char_traits<char>>::operator <<(std::basic_ostream<char,std::char_traits<char>> &(__cdecl *)(std::basic_ostream<char,std::char_traits<char>> &))'
      C:\Program Files\Microsoft Visual Studio\2022\Professional\VC\Tools\MSVC\14.44.35207\include\__msvc_ostream.hpp(688,32):
      or       'std::basic_ostream<char,std::char_traits<char>> &std::operator <<<char,std::char_traits<char>>(std::basic_ostream<char,std::char_traits<char>> &,const char *)'
      C:\Program Files\Microsoft Visual Studio\2022\Professional\VC\Tools\MSVC\14.44.35207\include\__msvc_ostream.hpp(732,32):
      or       'std::basic_ostream<char,std::char_traits<char>> &std::operator <<<char,std::char_traits<char>>(std::basic_ostream<char,std::char_traits<char>> &,char)'
      C:\Program Files\Microsoft Visual Studio\2022\Professional\VC\Tools\MSVC\14.44.35207\include\__msvc_ostream.hpp(768,31):
      or       'std::basic_ostream<char,std::char_traits<char>> &std::operator <<<std::char_traits<char>>(std::basic_ostream<char,std::char_traits<char>> &,const char *)'
      C:\Program Files\Microsoft Visual Studio\2022\Professional\VC\Tools\MSVC\14.44.35207\include\__msvc_ostream.hpp(813,31):
      or       'std::basic_ostream<char,std::char_traits<char>> &std::operator <<<std::char_traits<char>>(std::basic_ostream<char,std::char_traits<char>> &,char)'
      C:\Program Files\Microsoft Visual Studio\2022\Professional\VC\Tools\MSVC\14.44.35207\include\__msvc_ostream.hpp(930,31):
      or       'std::basic_ostream<char,std::char_traits<char>> &std::operator <<<std::char_traits<char>>(std::basic_ostream<char,std::char_traits<char>> &,const signed char *)'
      C:\Program Files\Microsoft Visual Studio\2022\Professional\VC\Tools\MSVC\14.44.35207\include\__msvc_ostream.hpp(936,31):
      or       'std::basic_ostream<char,std::char_traits<char>> &std::operator <<<std::char_traits<char>>(std::basic_ostream<char,std::char_traits<char>> &,signed char)'
      C:\Program Files\Microsoft Visual Studio\2022\Professional\VC\Tools\MSVC\14.44.35207\include\__msvc_ostream.hpp(941,31):
      or       'std::basic_ostream<char,std::char_traits<char>> &std::operator <<<std::char_traits<char>>(std::basic_ostream<char,std::char_traits<char>> &,const unsigned char *)'
      C:\Program Files\Microsoft Visual Studio\2022\Professional\VC\Tools\MSVC\14.44.35207\include\__msvc_ostream.hpp(947,31):
      or       'std::basic_ostream<char,std::char_traits<char>> &std::operator <<<std::char_traits<char>>(std::basic_ostream<char,std::char_traits<char>> &,unsigned char)'
      C:\Program Files\Microsoft Visual Studio\2022\Professional\VC\Tools\MSVC\14.44.35207\include\__msvc_ostream.hpp(1031,32):
      or       'std::basic_ostream<char,std::char_traits<char>> &std::operator <<<char,std::char_traits<char>>(std::basic_ostream<char,std::char_traits<char>> &,const std::error_code &)'
      C:\Users\User\source\repos\luzan23\OOP-project\src\part2\Wholesaler.cpp(12,13):
      while trying to match the argument list '(std::basic_ostream<char,std::char_traits<char>>, <error type>)'
  
C:\Users\User\source\repos\luzan23\OOP-project\src\part2\Wholesaler.cpp(12,84): error C2065: 'grower': undeclared identifier
C:\Users\User\source\repos\luzan23\OOP-project\src\part2\Wholesaler.cpp(13,10): error C2065: 'grower': undeclared identifier
  Generating Code...
